ojsalesdata/https%3A/%2Fazureopendatastorage.azurefd.net/ojsales-simulatedcontainer/oj_sales_data/Store3132_dominicks.csv
WeekStarting,Store,Brand,Quantity,Advert,Price,Revenue
1990-06-14,3132,dominicks,14714,1,2.6,38256.4
1990-06-21,3132,dominicks,13723,1,2.43,33346.89
1990-06-28,3132,dominicks,13110,1,2.22,29104.200000000004
1990-07-05,3132,dominicks,19211,1,1.99,38229.89
1990-07-12,3132,dominicks,12086,1,2.49,30094.140000000003
1990-07-19,3132,dominicks,12446,1,2.19,27256.739999999998
1990-07-26,3132,dominicks,15165,1,2.18,33059.700000000004
1990-08-02,3132,dominicks,10808,1,2.47,26695.760000000002
1990-08-09,3132,dominicks,17761,1,2.68,47599.48
1990-08-16,3132,dominicks,13286,1,2.07,27502.019999999997
1990-08-23,3132,dominicks,17974,1,1.94,34869.56
1990-08-30,3132,dominicks,15547,1,2.54,39489.38
1990-09-06,3132,dominicks,16141,1,2.11,34057.509999999995
1990-09-13,3132,dominicks,16916,1,2.44,41275.04
1990-09-20,3132,dominicks,14069,1,2.31,32499.39
1990-09-27,3132,dominicks,13151,1,2.61,34324.11
1990-10-04,3132,dominicks,13286,1,2.09,27767.739999999998
1990-10-11,3132,dominicks,16650,1,2.49,41458.5
1990-10-18,3132,dominicks,13185,1,2.17,28611.45
1990-10-25,3132,dominicks,14684,1,2.01,29514.839999999997
1990-11-01,3132,dominicks,13680,1,2.21,30232.8
1990-11-08,3132,dominicks,9926,1,2.58,25609.08
1990-11-15,3132,dominicks,11885,1,2.32,27573.199999999997
1990-11-22,3132,dominicks,14446,1,2.66,38426.36
1990-11-29,3132,dominicks,13751,1,2.48,34102.48
1990-12-06,3132,dominicks,9999,1,2.2,21997.800000000003
1990-12-13,3132,dominicks,12095,1,2.2,26609.000000000004
1990-12-20,3132,dominicks,16893,1,1.95,32941.35
1990-12-27,3132,dominicks,16040,1,2.44,39137.6
1991-01-03,3132,dominicks,9499,1,2.24,21277.760000000002
1991-01-10,3132,dominicks,18702,1,1.92,35907.84
1991-01-17,3132,dominicks,19609,1,1.95,38237.549999999996
1991-01-24,3132,dominicks,15555,1,2.14,33287.700000000004
1991-01-31,3132,dominicks,19245,1,2.68,51576.600000000006
1991-02-07,3132,dominicks,19032,1,1.94,36922.08
1991-02-14,3132,dominicks,19354,1,2.27,43933.58
1991-02-21,3132,dominicks,18262,1,2.45,44741.9
1991-02-28,3132,dominicks,17333,1,2.62,45412.46
1991-03-07,3132,dominicks,18453,1,2.08,38382.24
1991-03-14,3132,dominicks,11570,1,2.63,30429.1
1991-03-21,3132,dominicks,16214,1,2.39,38751.46
1991-03-28,3132,dominicks,18249,1,2.3,41972.7
1991-04-04,3132,dominicks,10481,1,1.9,19913.899999999998
1991-04-11,3132,dominicks,12952,1,2.05,26551.6
1991-04-18,3132,dominicks,14463,1,1.92,27768.96
1991-04-25,3132,dominicks,14441,1,1.97,28448.77
1991-05-02,3132,dominicks,9216,1,2.18,20090.88
1991-05-09,3132,dominicks,10919,1,2.05,22383.949999999997
1991-05-16,3132,dominicks,16826,1,1.94,32642.44
1991-05-23,3132,dominicks,12243,1,2.48,30362.64
1991-05-30,3132,dominicks,16393,1,2.41,39507.130000000005
1991-06-06,3132,dominicks,14087,1,2.51,35358.369999999995
1991-06-13,3132,dominicks,15758,1,1.98,31200.84
1991-06-20,3132,dominicks,11439,1,2.59,29627.01
1991-06-27,3132,dominicks,18623,1,2.19,40784.37
1991-07-04,3132,dominicks,10368,1,2.43,25194.24
1991-07-11,3132,dominicks,12065,1,2.43,29317.95
1991-07-18,3132,dominicks,9148,1,2.62,23967.760000000002
1991-07-25,3132,dominicks,13200,1,2.29,30228.0
1991-08-01,3132,dominicks,15853,1,2.04,32340.12
1991-08-08,3132,dominicks,19290,1,2.0,38580.0
1991-08-15,3132,dominicks,13736,1,2.3,31592.8
1991-08-22,3132,dominicks,14558,1,2.64,38433.12
1991-08-29,3132,dominicks,17406,1,1.99,34637.94
1991-09-05,3132,dominicks,18495,1,2.51,46422.45
1991-09-12,3132,dominicks,15259,1,1.96,29907.64
1991-09-19,3132,dominicks,15435,1,2.46,37970.1
1991-09-26,3132,dominicks,9897,1,2.03,20090.91
1991-10-03,3132,dominicks,9124,1,2.55,23266.199999999997
1991-10-10,3132,dominicks,9407,1,2.51,23611.57
1991-10-17,3132,dominicks,16486,1,1.92,31653.12
1991-10-24,3132,dominicks,10723,1,2.46,26378.579999999998
1991-10-31,3132,dominicks,9521,1,2.61,24849.809999999998
1991-11-07,3132,dominicks,12962,1,2.0,25924.0
1991-11-14,3132,dominicks,16097,1,2.08,33481.76
1991-11-21,3132,dominicks,18265,1,2.33,42557.450000000004
1991-11-28,3132,dominicks,19841,1,2.36,46824.759999999995
1991-12-05,3132,dominicks,19257,1,2.07,39861.99
1991-12-12,3132,dominicks,9010,1,2.11,19011.1
1991-12-19,3132,dominicks,15177,1,2.17,32934.09
1991-12-26,3132,dominicks,10121,1,2.59,26213.39
1992-01-02,3132,dominicks,19261,1,2.39,46033.79
1992-01-09,3132,dominicks,11883,1,2.13,25310.789999999997
1992-01-16,3132,dominicks,16421,1,2.14,35140.94
1992-01-23,3132,dominicks,19069,1,2.34,44621.46
1992-01-30,3132,dominicks,14425,1,2.67,38514.75
1992-02-06,3132,dominicks,18978,1,2.27,43080.06
1992-02-13,3132,dominicks,16199,1,2.57,41631.43
1992-02-20,3132,dominicks,13732,1,2.38,32682.16
1992-02-27,3132,dominicks,19929,1,1.91,38064.39
1992-03-05,3132,dominicks,13863,1,1.92,26616.96
1992-03-12,3132,dominicks,14487,1,2.18,31581.660000000003
1992-03-19,3132,dominicks,10599,1,1.98,20986.02
1992-03-26,3132,dominicks,19467,1,1.95,37960.65
1992-04-02,3132,dominicks,19141,1,2.53,48426.729999999996
1992-04-09,3132,dominicks,13546,1,2.23,30207.579999999998
1992-04-16,3132,dominicks,18461,1,2.13,39321.93
1992-04-23,3132,dominicks,18271,1,1.98,36176.58
1992-04-30,3132,dominicks,15925,1,2.51,39971.75
1992-05-07,3132,dominicks,18252,1,2.57,46907.64
1992-05-14,3132,dominicks,12749,1,2.69,34294.81
1992-05-21,3132,dominicks,9190,1,2.38,21872.2
1992-05-28,3132,dominicks,19518,1,2.17,42354.06
1992-06-04,3132,dominicks,15231,1,2.05,31223.549999999996
1992-06-11,3132,dominicks,14343,1,2.56,36718.08
1992-06-18,3132,dominicks,19924,1,1.91,38054.84
1992-06-25,3132,dominicks,12834,1,2.48,31828.32
1992-07-02,3132,dominicks,12579,1,1.96,24654.84
1992-07-09,3132,dominicks,18198,1,2.09,38033.82
1992-07-16,3132,dominicks,10469,1,2.52,26381.88
1992-07-23,3132,dominicks,17521,1,1.95,34165.95
1992-07-30,3132,dominicks,11648,1,2.18,25392.640000000003
1992-08-06,3132,dominicks,13512,1,2.05,27699.6
1992-08-13,3132,dominicks,18744,1,2.5,46860.0
1992-08-20,3132,dominicks,19465,1,1.98,38540.7
1992-08-27,3132,dominicks,13066,1,2.57,33579.619999999995
1992-09-03,3132,dominicks,9393,1,2.65,24891.45
1992-09-10,3132,dominicks,16813,1,2.55,42873.149999999994
1992-09-17,3132,dominicks,9249,1,2.34,21642.66
1992-09-24,3132,dominicks,19415,1,2.04,39606.6
1992-10-01,3132,dominicks,17786,1,2.14,38062.04
